// Jest Snapshot v1, https://goo.gl/fbAQLP

exports[`Testing MovieList component Testing movie list rendering 1`] = `
<DocumentFragment>
  <div
    class="moviesList"
  >
    <div
      class="movieTile"
    >
      <img
        alt="Barbie"
        src="/media/Comedy/Barbie.jpg"
        width="322px"
      />
      <div
        class="movieInfo"
      >
        <div
          class="flex-container"
        >
          <div
            class="name"
          >
            Barbie
          </div>
          <div
            class="year"
          >
            2023
          </div>
        </div>
        <div
          class="ganres"
        >
          COMEDY
        </div>
      </div>
    </div>
    <div
      class="movieTile"
    >
      <img
        alt="GrandBudapest"
        src="/media/Comedy/GrandBudapest.jpg"
        width="322px"
      />
      <div
        class="movieInfo"
      >
        <div
          class="flex-container"
        >
          <div
            class="name"
          >
            GrandBudapest
          </div>
          <div
            class="year"
          >
            2014
          </div>
        </div>
        <div
          class="ganres"
        >
          COMEDY
        </div>
      </div>
    </div>
  </div>
</DocumentFragment>
`;
