// Jest Snapshot v1, https://goo.gl/fbAQLP

exports[`Testing GanreSelect component Testing genres rendering  1`] = `
<DocumentFragment>
  <div
    class="movieListWrapper"
  >
    <div
      class="genreDashboard"
    >
      <div
        class="genresListWrapper"
      >
        <ul
          class="genresList"
        >
          <li
            class="selected"
          >
            ALL
          </li>
          <li
            class=""
          >
            DOCUMENTARY
          </li>
          <li
            class=""
          >
            COMEDY
          </li>
          <li
            class=""
          >
            HORROR
          </li>
          <li
            class=""
          >
            CRIME
          </li>
        </ul>
      </div>
      <div
        class="sortBywrapper"
      >
        <nav>
          <div
            class="sortByText"
          >
            SORT BY
          </div>
          <ul
            class="dropdown-menu"
          >
            <li
              class="active"
            >
              TITLE
            </li>
            <li
              class=""
            >
              RELEASE DATE
            </li>
          </ul>
          <div
            class="arrowDown"
          >
            â–¼
          </div>
        </nav>
      </div>
    </div>
    <div
      class="moviesList"
    >
      <div
        class="movieTile"
      >
        <img
          alt="Barbie"
          src="/media/Comedy/Barbie.jpg"
          width="322px"
        />
        <div
          class="movieInfo"
        >
          <div
            class="flex-container"
          >
            <div
              class="name"
            >
              Barbie
            </div>
            <div
              class="year"
            >
              2023
            </div>
          </div>
          <div
            class="ganres"
          >
            COMEDY
          </div>
        </div>
      </div>
      <div
        class="movieTile"
      >
        <img
          alt="GrandBudapest"
          src="/media/Comedy/GrandBudapest.jpg"
          width="322px"
        />
        <div
          class="movieInfo"
        >
          <div
            class="flex-container"
          >
            <div
              class="name"
            >
              GrandBudapest
            </div>
            <div
              class="year"
            >
              2014
            </div>
          </div>
          <div
            class="ganres"
          >
            COMEDY
          </div>
        </div>
      </div>
    </div>
  </div>
</DocumentFragment>
`;
