// Jest Snapshot v1, https://goo.gl/fbAQLP

exports[`Testing SortControl component Testing SortControl rendering 1`] = `
<DocumentFragment>
  <div
    class="sortBywrapper"
  >
    <nav>
      <div
        class="sortByText"
      >
        SORT BY
      </div>
      <ul
        class="dropdown-menu"
      >
        <li
          class="active"
        >
          TITLE
        </li>
        <li
          class=""
        >
          RELEASE DATE
        </li>
      </ul>
      <div
        class="arrowDown"
      >
        â–¼
      </div>
    </nav>
  </div>
</DocumentFragment>
`;
