// Jest Snapshot v1, https://goo.gl/fbAQLP

exports[`Testing Dialog component Testing dialog window rendering  1`] = `<DocumentFragment />`;
